#
# There is insufficient memory for the Java Runtime Environment to continue.
# Native memory allocation (malloc) failed to allocate 1048576 bytes. Error detail: AllocateHeap
# Possible reasons:
#   The system is out of physical RAM or swap space
#   This process is running with CompressedOops enabled, and the Java Heap may be blocking the growth of the native heap
# Possible solutions:
#   Reduce memory load on the system
#   Increase physical memory or swap space
#   Check if swap backing store is full
#   Decrease Java heap size (-Xmx/-Xms)
#   Decrease number of Java threads
#   Decrease Java thread stack sizes (-Xss)
#   Set larger code cache with -XX:ReservedCodeCacheSize=
#   JVM is running with Unscaled Compressed Oops mode in which the Java heap is
#     placed in the first 4GB address space. The Java Heap base address is the
#     maximum limit for the native heap growth. Please use -XX:HeapBaseMinAddress
#     to set the Java Heap base and to place the Java Heap above 4GB virtual address.
# This output file may be truncated or incomplete.
#
#  Out of Memory Error (allocation.cpp:44), pid=15572, tid=20048
#
# JRE version: OpenJDK Runtime Environment Temurin-21.0.10+7 (21.0.10+7) (build 21.0.10+7-LTS)
# Java VM: OpenJDK 64-Bit Server VM Temurin-21.0.10+7 (21.0.10+7-LTS, mixed mode, sharing, tiered, compressed oops, compressed class ptrs, parallel gc, windows-amd64)
# No core dump will be written. Minidumps are not enabled by default on client versions of Windows
#

---------------  S U M M A R Y ------------

Command Line: --add-modules=ALL-SYSTEM --add-opens=java.base/java.util=ALL-UNNAMED --add-opens=java.base/java.lang=ALL-UNNAMED --add-opens=java.base/sun.nio.fs=ALL-UNNAMED -Declipse.application=org.eclipse.jdt.ls.core.id1 -Dosgi.bundles.defaultStartLevel=4 -Declipse.product=org.eclipse.jdt.ls.core.product -Djava.import.generatesMetadataFilesAtProjectRoot=false -DDetectVMInstallationsJob.disabled=true -Dfile.encoding=utf8 -XX:+UseParallelGC -XX:GCTimeRatio=4 -XX:AdaptiveSizePolicyWeight=90 -Dsun.zip.disableMemoryMapping=true -Xmx2G -Xms100m -Xlog:disable -javaagent:c:\Users\basti\.antigravity\extensions\redhat.java-1.54.0-win32-x64\lombok\lombok-1.18.39-4050.jar -XX:+HeapDumpOnOutOfMemoryError -XX:HeapDumpPath=c:\Users\basti\AppData\Roaming\Antigravity\User\workspaceStorage\558160b43f531beb3b59755a33f9310b\redhat.java -Daether.dependencyCollector.impl=bf c:\Users\basti\.antigravity\extensions\redhat.java-1.54.0-win32-x64\server\plugins\org.eclipse.equinox.launcher_1.7.100.v20251111-0406.jar -configuration c:\Users\basti\AppData\Roaming\Antigravity\User\globalStorage\redhat.java\1.54.0\config_win -data c:\Users\basti\AppData\Roaming\Antigravity\User\workspaceStorage\558160b43f531beb3b59755a33f9310b\redhat.java\jdt_ws --pipe=\\.\pipe\lsp-db38bd1a62888d5f04ded21c97750b3c-sock

Host: 12th Gen Intel(R) Core(TM) i7-1260P, 16 cores, 15G,  Windows 11 , 64 bit Build 26100 (10.0.26100.8328)
Time: Sat May 16 13:35:11 2026 Hora est. Sudamérica Pacífico elapsed time: 2209.251518 seconds (0d 0h 36m 49s)

---------------  T H R E A D  ---------------

Current thread (0x0000023f84547fa0):  JavaThread "Attach Listener" daemon [_thread_in_vm, id=20048, stack(0x000000f05e100000,0x000000f05e200000) (1024K)]

Stack: [0x000000f05e100000,0x000000f05e200000]
Native frames: (J=compiled Java code, j=interpreted, Vv=VM code, C=native code)
V  [jvm.dll+0x6d7a39]
V  [jvm.dll+0x8b4b26]
V  [jvm.dll+0x8b70de]
V  [jvm.dll+0x8b77c3]
V  [jvm.dll+0x284346]
V  [jvm.dll+0xc1277]
V  [jvm.dll+0x6d82e9]
V  [jvm.dll+0x1334a6]
V  [jvm.dll+0x3f857e]
V  [jvm.dll+0x85f59d]
V  [jvm.dll+0x6d626d]
C  [ucrtbase.dll+0x37b0]
C  [KERNEL32.DLL+0x2e957]
C  [ntdll.dll+0x427c]


---------------  P R O C E S S  ---------------

Threads class SMR info:
_java_thread_list=0x0000023ff2cb93f0, length=42, elements={
0x0000023f8449c780, 0x0000023f8453ffb0, 0x0000023f845408e0, 0x0000023f845472e0,
0x0000023f84547fa0, 0x0000023f845498d0, 0x0000023f84553fb0, 0x0000023f84558dd0,
0x0000023f8455d540, 0x0000023fdd50dbd0, 0x0000023fe3068380, 0x0000023fe390fba0,
0x0000023fe37bb940, 0x0000023fe34b6480, 0x0000023fe34b7100, 0x0000023fe3d66d60,
0x0000023fe4026d30, 0x0000023fe3f9b810, 0x0000023fe4463a00, 0x0000023fe4462ce0,
0x0000023fe75b8bf0, 0x0000023fe75ba630, 0x0000023fe75bc070, 0x0000023fe75bacc0,
0x0000023fe75bc700, 0x0000023fe75b9280, 0x0000023fe75bcd90, 0x0000023fe75b9910,
0x0000023fe75bf4f0, 0x0000023fe75be7d0, 0x0000023fe75bdab0, 0x0000023fe75bd420,
0x0000023fe75be140, 0x0000023fe75bee60, 0x0000023fe75bfb80, 0x0000023fe6b3b430,
0x0000023fe6b38cd0, 0x0000023fe6b399f0, 0x0000023fe6b3ada0, 0x0000023fe6b3a080,
0x0000023fe4464090, 0x0000023ff389b2a0
}

Java Threads: ( => current thread )
  0x0000023f8449c780 JavaThread "main"                              [_thread_blocked, id=31548, stack(0x000000f05da00000,0x000000f05db00000) (1024K)]
  0x0000023f8453ffb0 JavaThread "Reference Handler"          daemon [_thread_blocked, id=14388, stack(0x000000f05de00000,0x000000f05df00000) (1024K)]
  0x0000023f845408e0 JavaThread "Finalizer"                  daemon [_thread_blocked, id=31636, stack(0x000000f05df00000,0x000000f05e000000) (1024K)]
  0x0000023f845472e0 JavaThread "Signal Dispatcher"          daemon [_thread_blocked, id=14268, stack(0x000000f05e000000,0x000000f05e100000) (1024K)]
=>0x0000023f84547fa0 JavaThread "Attach Listener"            daemon [_thread_in_vm, id=20048, stack(0x000000f05e100000,0x000000f05e200000) (1024K)]
  0x0000023f845498d0 JavaThread "Service Thread"             daemon [_thread_blocked, id=7308, stack(0x000000f05e200000,0x000000f05e300000) (1024K)]
  0x0000023f84553fb0 JavaThread "Monitor Deflation Thread"   daemon [_thread_blocked, id=26548, stack(0x000000f05e300000,0x000000f05e400000) (1024K)]
  0x0000023f84558dd0 JavaThread "C2 CompilerThread0"         daemon [_thread_blocked, id=11744, stack(0x000000f05e400000,0x000000f05e500000) (1024K)]
  0x0000023f8455d540 JavaThread "C1 CompilerThread0"         daemon [_thread_blocked, id=30300, stack(0x000000f05e500000,0x000000f05e600000) (1024K)]
  0x0000023fdd50dbd0 JavaThread "Common-Cleaner"             daemon [_thread_blocked, id=8796, stack(0x000000f05e800000,0x000000f05e900000) (1024K)]
  0x0000023fe3068380 JavaThread "Notification Thread"        daemon [_thread_blocked, id=25020, stack(0x000000f05eb00000,0x000000f05ec00000) (1024K)]
  0x0000023fe390fba0 JavaThread "Active Thread: Equinox Container: 7a13a4b6-3abc-4b46-9b02-7a028ba27f52"        [_thread_blocked, id=7676, stack(0x000000f05f300000,0x000000f05f400000) (1024K)]
  0x0000023fe37bb940 JavaThread "Refresh Thread: Equinox Container: 7a13a4b6-3abc-4b46-9b02-7a028ba27f52" daemon [_thread_blocked, id=15196, stack(0x000000f05f500000,0x000000f05f600000) (1024K)]
  0x0000023fe34b6480 JavaThread "Framework Event Dispatcher: Equinox Container: 7a13a4b6-3abc-4b46-9b02-7a028ba27f52" daemon [_thread_blocked, id=29412, stack(0x000000f05f600000,0x000000f05f700000) (1024K)]
  0x0000023fe34b7100 JavaThread "Start Level: Equinox Container: 7a13a4b6-3abc-4b46-9b02-7a028ba27f52" daemon [_thread_blocked, id=33316, stack(0x000000f05f700000,0x000000f05f800000) (1024K)]
  0x0000023fe3d66d60 JavaThread "Bundle File Closer"         daemon [_thread_blocked, id=16908, stack(0x000000f05fb00000,0x000000f05fc00000) (1024K)]
  0x0000023fe4026d30 JavaThread "SCR Component Actor"        daemon [_thread_blocked, id=16292, stack(0x000000f05ea00000,0x000000f05eb00000) (1024K)]
  0x0000023fe3f9b810 JavaThread "Worker-JM"                         [_thread_blocked, id=31228, stack(0x000000f05fe00000,0x000000f05ff00000) (1024K)]
  0x0000023fe4463a00 JavaThread "JNA Cleaner"                daemon [_thread_blocked, id=15468, stack(0x000000f05ec00000,0x000000f05ed00000) (1024K)]
  0x0000023fe4462ce0 JavaThread "Java indexing"              daemon [_thread_blocked, id=9872, stack(0x000000f060600000,0x000000f060700000) (1024K)]
  0x0000023fe75b8bf0 JavaThread "Thread-1"                   daemon [_thread_in_native, id=20604, stack(0x000000f061100000,0x000000f061200000) (1024K)]
  0x0000023fe75ba630 JavaThread "Thread-2"                   daemon [_thread_in_native, id=31188, stack(0x000000f061200000,0x000000f061300000) (1024K)]
  0x0000023fe75bc070 JavaThread "Thread-3"                   daemon [_thread_in_native, id=26180, stack(0x000000f061300000,0x000000f061400000) (1024K)]
  0x0000023fe75bacc0 JavaThread "Thread-4"                   daemon [_thread_in_native, id=30156, stack(0x000000f061400000,0x000000f061500000) (1024K)]
  0x0000023fe75bc700 JavaThread "Thread-5"                   daemon [_thread_in_native, id=20556, stack(0x000000f061500000,0x000000f061600000) (1024K)]
  0x0000023fe75b9280 JavaThread "Thread-6"                   daemon [_thread_in_native, id=16680, stack(0x000000f061600000,0x000000f061700000) (1024K)]
  0x0000023fe75bcd90 JavaThread "Thread-7"                   daemon [_thread_in_native, id=33372, stack(0x000000f061700000,0x000000f061800000) (1024K)]
  0x0000023fe75b9910 JavaThread "Thread-8"                   daemon [_thread_in_native, id=29316, stack(0x000000f061800000,0x000000f061900000) (1024K)]
  0x0000023fe75bf4f0 JavaThread "Thread-9"                   daemon [_thread_in_native, id=9424, stack(0x000000f061900000,0x000000f061a00000) (1024K)]
  0x0000023fe75be7d0 JavaThread "Thread-10"                  daemon [_thread_in_native, id=4816, stack(0x000000f061a00000,0x000000f061b00000) (1024K)]
  0x0000023fe75bdab0 JavaThread "Thread-11"                  daemon [_thread_in_native, id=20816, stack(0x000000f061b00000,0x000000f061c00000) (1024K)]
  0x0000023fe75bd420 JavaThread "Thread-12"                  daemon [_thread_in_native, id=13040, stack(0x000000f061c00000,0x000000f061d00000) (1024K)]
  0x0000023fe75be140 JavaThread "Thread-13"                  daemon [_thread_in_native, id=5696, stack(0x000000f061d00000,0x000000f061e00000) (1024K)]
  0x0000023fe75bee60 JavaThread "Thread-14"                  daemon [_thread_in_native, id=28984, stack(0x000000f061e00000,0x000000f061f00000) (1024K)]
  0x0000023fe75bfb80 JavaThread "Thread-15"                  daemon [_thread_in_native, id=12852, stack(0x000000f061f00000,0x000000f062000000) (1024K)]
  0x0000023fe6b3b430 JavaThread "Thread-16"                  daemon [_thread_in_native, id=11472, stack(0x000000f062000000,0x000000f062100000) (1024K)]
  0x0000023fe6b38cd0 JavaThread "Thread-17"                  daemon [_thread_in_native, id=17564, stack(0x000000f062100000,0x000000f062200000) (1024K)]
  0x0000023fe6b399f0 JavaThread "pool-2-thread-1"                   [_thread_blocked, id=33176, stack(0x000000f062200000,0x000000f062300000) (1024K)]
  0x0000023fe6b3ada0 JavaThread "WorkspaceEventsHandler"            [_thread_blocked, id=26408, stack(0x000000f062300000,0x000000f062400000) (1024K)]
  0x0000023fe6b3a080 JavaThread "pool-1-thread-1"                   [_thread_blocked, id=11596, stack(0x000000f062400000,0x000000f062500000) (1024K)]
  0x0000023fe4464090 JavaThread "Worker-8"                          [_thread_blocked, id=16920, stack(0x000000f060800000,0x000000f060900000) (1024K)]
  0x0000023ff389b2a0 JavaThread "Worker-14"                         [_thread_blocked, id=8472, stack(0x000000f05d700000,0x000000f05d800000) (1024K)]
Total: 42

Other Threads:
  0x0000023f84434880 VMThread "VM Thread"                           [id=28880, stack(0x000000f05dd00000,0x000000f05de00000) (1024K)]
  0x0000023f8432ca10 WatcherThread "VM Periodic Task Thread"        [id=32884, stack(0x000000f05dc00000,0x000000f05dd00000) (1024K)]
  0x0000023f844bbf90 WorkerThread "GC Thread#0"                     [id=15620, stack(0x000000f05db00000,0x000000f05dc00000) (1024K)]
  0x0000023fe3996aa0 WorkerThread "GC Thread#1"                     [id=30688, stack(0x000000f05ed00000,0x000000f05ee00000) (1024K)]
  0x0000023fe3928630 WorkerThread "GC Thread#2"                     [id=24356, stack(0x000000f05ee00000,0x000000f05ef00000) (1024K)]
  0x0000023fe39289e0 WorkerThread "GC Thread#3"                     [id=13340, stack(0x000000f05ef00000,0x000000f05f000000) (1024K)]
  0x0000023fe394dba0 WorkerThread "GC Thread#4"                     [id=27428, stack(0x000000f05f000000,0x000000f05f100000) (1024K)]
  0x0000023fe394df50 WorkerThread "GC Thread#5"                     [id=23636, stack(0x000000f05f100000,0x000000f05f200000) (1024K)]
  0x0000023fe37f2100 WorkerThread "GC Thread#6"                     [id=11216, stack(0x000000f05f200000,0x000000f05f300000) (1024K)]
  0x0000023fe397d7e0 WorkerThread "GC Thread#7"                     [id=24000, stack(0x000000f05f400000,0x000000f05f500000) (1024K)]
  0x0000023fe3ea5a30 WorkerThread "GC Thread#8"                     [id=8876, stack(0x000000f05f800000,0x000000f05f900000) (1024K)]
  0x0000023fe3ea5de0 WorkerThread "GC Thread#9"                     [id=8868, stack(0x000000f05f900000,0x000000f05fa00000) (1024K)]
  0x0000023fe3ea6190 WorkerThread "GC Thread#10"                    [id=27604, stack(0x000000f05fa00000,0x000000f05fb00000) (1024K)]
  0x0000023fe4377630 WorkerThread "GC Thread#11"                    [id=18140, stack(0x000000f05e700000,0x000000f05e800000) (1024K)]
  0x0000023fe3d17180 WorkerThread "GC Thread#12"                    [id=20468, stack(0x000000f05ff00000,0x000000f060000000) (1024K)]
Total: 15

Threads with active compile tasks:
Total: 0

VM state: not at safepoint (normal execution)

VM Mutex/Monitor currently owned by a thread: None

Heap address: 0x0000000080000000, size: 2048 MB, Compressed Oops mode: 32-bit

CDS archive(s) mapped at: [0x0000023f9b000000-0x0000023f9bba0000-0x0000023f9bba0000), size 12189696, SharedBaseAddress: 0x0000023f9b000000, ArchiveRelocationMode: 1.
Compressed class space mapped at: 0x0000023f9c000000-0x0000023fdc000000, reserved size: 1073741824
Narrow klass base: 0x0000023f9b000000, Narrow klass shift: 0, Narrow klass range: 0x100000000

GC Precious Log:
 CardTable entry size: 512
 CPUs: 16 total, 16 available
 Memory: 15996M
 Large Page Support: Disabled
 NUMA Support: Disabled
 Compressed Oops: Enabled (32-bit)
 Alignments: Space 512K, Generation 512K, Heap 2M
 Heap Min Capacity: 100M
 Heap Initial Capacity: 100M
 Heap Max Capacity: 2G
 Pre-touch: Disabled
 Parallel Workers: 13

Heap:
 PSYoungGen      total 13824K, used 5474K [0x00000000d5580000, 0x00000000d6400000, 0x0000000100000000)
  eden space 12800K, 39% used [0x00000000d5580000,0x00000000d5a688d8,0x00000000d6200000)
  from space 1024K, 43% used [0x00000000d6200000,0x00000000d6270000,0x00000000d6300000)
  to   space 512K, 0% used [0x00000000d6380000,0x00000000d6380000,0x00000000d6400000)
 ParOldGen       total 171520K, used 167760K [0x0000000080000000, 0x000000008a780000, 0x00000000d5580000)
  object space 171520K, 97% used [0x0000000080000000,0x000000008a3d40e8,0x000000008a780000)
 Metaspace       used 80105K, committed 81856K, reserved 1179648K
  class space    used 8148K, committed 8960K, reserved 1048576K

Card table byte_map: [0x0000023f83e40000,0x0000023f84250000] _byte_map_base: 0x0000023f83a40000

Marking Bits: (ParMarkBitMap*) 0x00007ffd1ea33450
 Begin Bits: [0x0000023f96950000, 0x0000023f98950000)
 End Bits:   [0x0000023f98950000, 0x0000023f9a950000)

Polling page: 0x0000023f82230000

Metaspace:

Usage:
  Non-class:     70.27 MB used.
      Class:      7.96 MB used.
       Both:     78.23 MB used.

Virtual space:
  Non-class space:      128.00 MB reserved,      71.19 MB ( 56%) committed,  2 nodes.
      Class space:        1.00 GB reserved,       8.75 MB ( <1%) committed,  1 nodes.
             Both:        1.12 GB reserved,      79.94 MB (  7%) committed. 

Chunk freelists:
   Non-Class:  8.41 MB
       Class:  7.35 MB
        Both:  15.76 MB

MaxMetaspaceSize: unlimited
CompressedClassSpaceSize: 1.00 GB
Initial GC threshold: 21.00 MB
Current GC threshold: 133.25 MB
CDS: on
 - commit_granule_bytes: 65536.
 - commit_granule_words: 8192.
 - virtual_space_node_default_size: 8388608.
 - enlarge_chunks_in_place: 1.
 - use_allocation_guard: 0.


Internal statistics:

num_allocs_failed_limit: 9.
num_arena_births: 1438.
num_arena_deaths: 24.
num_vsnodes_births: 3.
num_vsnodes_deaths: 0.
num_space_committed: 1285.
num_space_uncommitted: 3.
num_chunks_returned_to_freelist: 55.
num_chunks_taken_from_freelist: 5252.
num_chunk_merges: 18.
num_chunk_splits: 3139.
num_chunks_enlarged: 1739.
num_inconsistent_stats: 0.

CodeHeap 'non-profiled nmethods': size=119168Kb used=23688Kb max_used=25128Kb free=95479Kb
 bounds [0x0000023f8f240000, 0x0000023f90ad0000, 0x0000023f966a0000]
CodeHeap 'profiled nmethods': size=119104Kb used=46226Kb max_used=51117Kb free=72877Kb
 bounds [0x0000023f876a0000, 0x0000023f8a890000, 0x0000023f8eaf0000]
CodeHeap 'non-nmethods': size=7488Kb used=1475Kb max_used=3239Kb free=6012Kb
 bounds [0x0000023f8eaf0000, 0x0000023f8ee60000, 0x0000023f8f240000]
CodeCache: size=245760Kb, used=71389Kb, max_used=79484Kb, free=174368Kb
 total_blobs=20171, nmethods=19383, adapters=691, full_count=0
Compilation: enabled, stopped_count=0, restarted_count=0

Compilation events (20 events):
Event: 2040.578 Thread 0x0000023f8455d540 21659       1       java.lang.Double::doubleValue (5 bytes)
Event: 2040.578 Thread 0x0000023f8455d540 nmethod 21659 0x0000023f8f2a5510 code [0x0000023f8f2a56a0, 0x0000023f8f2a5768]
Event: 2040.589 Thread 0x0000023f84558dd0 21660       4       org.eclipse.core.internal.events.ResourceComparator::compare (383 bytes)
Event: 2040.593 Thread 0x0000023f8455d540 21661       3       org.eclipse.core.internal.events.ResourceDeltaFactory::computeDelta (203 bytes)
Event: 2040.683 Thread 0x0000023f8455d540 nmethod 21661 0x0000023f876c7d10 code [0x0000023f876c8020, 0x0000023f876c8d30]
Event: 2040.686 Thread 0x0000023f8455d540 21662       3       org.eclipse.core.internal.dtree.DeltaDataTree::asReverseComparisonTree (115 bytes)
Event: 2040.692 Thread 0x0000023f84558dd0 nmethod 21660 0x0000023f8f476590 code [0x0000023f8f4767a0, 0x0000023f8f476e00]
Event: 2040.704 Thread 0x0000023f8455d540 nmethod 21662 0x0000023f87720390 code [0x0000023f877205a0, 0x0000023f87720ed0]
Event: 2040.704 Thread 0x0000023f8455d540 21663       3       org.eclipse.core.internal.events.ResourceDeltaInfo::<init> (20 bytes)
Event: 2040.705 Thread 0x0000023f8455d540 nmethod 21663 0x0000023f87755e90 code [0x0000023f87756040, 0x0000023f877561e8]
Event: 2040.705 Thread 0x0000023f8455d540 21664       3       org.eclipse.core.internal.events.NodeIDMap::<init> (64 bytes)
Event: 2040.709 Thread 0x0000023f8455d540 nmethod 21664 0x0000023f878b0b10 code [0x0000023f878b0cc0, 0x0000023f878b1060]
Event: 2059.625 Thread 0x0000023f8455d540 21665   !   3       java.util.concurrent.ScheduledThreadPoolExecutor$DelayedWorkQueue::take (203 bytes)
Event: 2059.826 Thread 0x0000023f8455d540 nmethod 21665 0x0000023f87afa290 code [0x0000023f87afa640, 0x0000023f87afbec0]
Event: 2069.593 Thread 0x0000023f8455d540 21666       3       java.util.concurrent.ScheduledThreadPoolExecutor$DelayedWorkQueue::add (9 bytes)
Event: 2069.758 Thread 0x0000023f8455d540 nmethod 21666 0x0000023f876f7490 code [0x0000023f876f7660, 0x0000023f876f7938]
Event: 2089.608 Thread 0x0000023f8455d540 21670       3       java.util.concurrent.ScheduledThreadPoolExecutor$ScheduledFutureTask::run (57 bytes)
Event: 2089.626 Thread 0x0000023f8455d540 nmethod 21670 0x0000023f87963b90 code [0x0000023f87963dc0, 0x0000023f87964330]
Event: 2198.098 Thread 0x0000023f84558dd0 21671       4       java.security.AccessController::doPrivileged (9 bytes)
Event: 2198.138 Thread 0x0000023f84558dd0 nmethod 21671 0x0000023f8f384f10 code [0x0000023f8f3850a0, 0x0000023f8f385160]

GC Heap History (20 events):
Event: 332.160 GC heap before
{Heap before GC invocations=1793 (full 3):
 PSYoungGen      total 15360K, used 15074K [0x00000000d5580000, 0x00000000d6600000, 0x0000000100000000)
  eden space 14336K, 100% used [0x00000000d5580000,0x00000000d6380000,0x00000000d6380000)
  from space 1024K, 72% used [0x00000000d6480000,0x00000000d6538b80,0x00000000d6580000)
  to   space 512K, 0% used [0x00000000d6580000,0x00000000d6580000,0x00000000d6600000)
 ParOldGen       total 1366016K, used 1365873K [0x0000000080000000, 0x00000000d3600000, 0x00000000d5580000)
  object space 1366016K, 99% used [0x0000000080000000,0x00000000d35dc658,0x00000000d3600000)
 Metaspace       used 80459K, committed 82176K, reserved 1179648K
  class space    used 8184K, committed 8960K, reserved 1048576K
}
Event: 332.163 GC heap after
{Heap after GC invocations=1793 (full 3):
 PSYoungGen      total 14848K, used 352K [0x00000000d5580000, 0x00000000d6600000, 0x0000000100000000)
  eden space 14336K, 0% used [0x00000000d5580000,0x00000000d5580000,0x00000000d6380000)
  from space 512K, 68% used [0x00000000d6580000,0x00000000d65d8000,0x00000000d6600000)
  to   space 512K, 0% used [0x00000000d6500000,0x00000000d6500000,0x00000000d6580000)
 ParOldGen       total 1366528K, used 1366386K [0x0000000080000000, 0x00000000d3680000, 0x00000000d5580000)
  object space 1366528K, 99% used [0x0000000080000000,0x00000000d365c8b0,0x00000000d3680000)
 Metaspace       used 80459K, committed 82176K, reserved 1179648K
  class space    used 8184K, committed 8960K, reserved 1048576K
}
Event: 332.181 GC heap before
{Heap before GC invocations=1794 (full 3):
 PSYoungGen      total 14848K, used 14688K [0x00000000d5580000, 0x00000000d6600000, 0x0000000100000000)
  eden space 14336K, 100% used [0x00000000d5580000,0x00000000d6380000,0x00000000d6380000)
  from space 512K, 68% used [0x00000000d6580000,0x00000000d65d8000,0x00000000d6600000)
  to   space 512K, 0% used [0x00000000d6500000,0x00000000d6500000,0x00000000d6580000)
 ParOldGen       total 1366528K, used 1366386K [0x0000000080000000, 0x00000000d3680000, 0x00000000d5580000)
  object space 1366528K, 99% used [0x0000000080000000,0x00000000d365c8b0,0x00000000d3680000)
 Metaspace       used 80459K, committed 82176K, reserved 1179648K
  class space    used 8184K, committed 8960K, reserved 1048576K
}
Event: 332.185 GC heap after
{Heap after GC invocations=1794 (full 3):
 PSYoungGen      total 14848K, used 352K [0x00000000d5580000, 0x00000000d6600000, 0x0000000100000000)
  eden space 14336K, 0% used [0x00000000d5580000,0x00000000d5580000,0x00000000d6380000)
  from space 512K, 68% used [0x00000000d6500000,0x00000000d6558000,0x00000000d6580000)
  to   space 512K, 0% used [0x00000000d6580000,0x00000000d6580000,0x00000000d6600000)
 ParOldGen       total 1367040K, used 1366658K [0x0000000080000000, 0x00000000d3700000, 0x00000000d5580000)
  object space 1367040K, 99% used [0x0000000080000000,0x00000000d36a08b0,0x00000000d3700000)
 Metaspace       used 80459K, committed 82176K, reserved 1179648K
  class space    used 8184K, committed 8960K, reserved 1048576K
}
Event: 332.212 GC heap before
{Heap before GC invocations=1795 (full 3):
 PSYoungGen      total 14848K, used 14688K [0x00000000d5580000, 0x00000000d6600000, 0x0000000100000000)
  eden space 14336K, 100% used [0x00000000d5580000,0x00000000d6380000,0x00000000d6380000)
  from space 512K, 68% used [0x00000000d6500000,0x00000000d6558000,0x00000000d6580000)
  to   space 512K, 0% used [0x00000000d6580000,0x00000000d6580000,0x00000000d6600000)
 ParOldGen       total 1367040K, used 1366658K [0x0000000080000000, 0x00000000d3700000, 0x00000000d5580000)
  object space 1367040K, 99% used [0x0000000080000000,0x00000000d36a08b0,0x00000000d3700000)
 Metaspace       used 80459K, committed 82176K, reserved 1179648K
  class space    used 8184K, committed 8960K, reserved 1048576K
}
Event: 332.215 GC heap after
{Heap after GC invocations=1795 (full 3):
 PSYoungGen      total 14848K, used 510K [0x00000000d5580000, 0x00000000d6680000, 0x0000000100000000)
  eden space 14336K, 0% used [0x00000000d5580000,0x00000000d5580000,0x00000000d6380000)
  from space 512K, 99% used [0x00000000d6580000,0x00000000d65ffb90,0x00000000d6600000)
  to   space 1536K, 0% used [0x00000000d6380000,0x00000000d6380000,0x00000000d6500000)
 ParOldGen       total 1367552K, used 1367106K [0x0000000080000000, 0x00000000d3780000, 0x00000000d5580000)
  object space 1367552K, 99% used [0x0000000080000000,0x00000000d37108b0,0x00000000d3780000)
 Metaspace       used 80459K, committed 82176K, reserved 1179648K
  class space    used 8184K, committed 8960K, reserved 1048576K
}
Event: 332.239 GC heap before
{Heap before GC invocations=1796 (full 3):
 PSYoungGen      total 14848K, used 14846K [0x00000000d5580000, 0x00000000d6680000, 0x0000000100000000)
  eden space 14336K, 100% used [0x00000000d5580000,0x00000000d6380000,0x00000000d6380000)
  from space 512K, 99% used [0x00000000d6580000,0x00000000d65ffb90,0x00000000d6600000)
  to   space 1536K, 0% used [0x00000000d6380000,0x00000000d6380000,0x00000000d6500000)
 ParOldGen       total 1367552K, used 1367106K [0x0000000080000000, 0x00000000d3780000, 0x00000000d5580000)
  object space 1367552K, 99% used [0x0000000080000000,0x00000000d37108b0,0x00000000d3780000)
 Metaspace       used 80459K, committed 82176K, reserved 1179648K
  class space    used 8184K, committed 8960K, reserved 1048576K
}
Event: 332.242 GC heap after
{Heap after GC invocations=1796 (full 3):
 PSYoungGen      total 15872K, used 781K [0x00000000d5580000, 0x00000000d6600000, 0x0000000100000000)
  eden space 14336K, 0% used [0x00000000d5580000,0x00000000d5580000,0x00000000d6380000)
  from space 1536K, 50% used [0x00000000d6380000,0x00000000d6443668,0x00000000d6500000)
  to   space 1024K, 0% used [0x00000000d6500000,0x00000000d6500000,0x00000000d6600000)
 ParOldGen       total 1368064K, used 1367637K [0x0000000080000000, 0x00000000d3800000, 0x00000000d5580000)
  object space 1368064K, 99% used [0x0000000080000000,0x00000000d37954e0,0x00000000d3800000)
 Metaspace       used 80459K, committed 82176K, reserved 1179648K
  class space    used 8184K, committed 8960K, reserved 1048576K
}
Event: 332.269 GC heap before
{Heap before GC invocations=1797 (full 3):
 PSYoungGen      total 15872K, used 15117K [0x00000000d5580000, 0x00000000d6600000, 0x0000000100000000)
  eden space 14336K, 100% used [0x00000000d5580000,0x00000000d6380000,0x00000000d6380000)
  from space 1536K, 50% used [0x00000000d6380000,0x00000000d6443668,0x00000000d6500000)
  to   space 1024K, 0% used [0x00000000d6500000,0x00000000d6500000,0x00000000d6600000)
 ParOldGen       total 1368064K, used 1367637K [0x0000000080000000, 0x00000000d3800000, 0x00000000d5580000)
  object space 1368064K, 99% used [0x0000000080000000,0x00000000d37954e0,0x00000000d3800000)
 Metaspace       used 80459K, committed 82176K, reserved 1179648K
  class space    used 8184K, committed 8960K, reserved 1048576K
}
Event: 332.272 GC heap after
{Heap after GC invocations=1797 (full 3):
 PSYoungGen      total 14336K, used 1018K [0x00000000d5580000, 0x00000000d6880000, 0x0000000100000000)
  eden space 13312K, 0% used [0x00000000d5580000,0x00000000d5580000,0x00000000d6280000)
  from space 1024K, 99% used [0x00000000d6500000,0x00000000d65fea48,0x00000000d6600000)
  to   space 2560K, 0% used [0x00000000d6280000,0x00000000d6280000,0x00000000d6500000)
 ParOldGen       total 1368576K, used 1368554K [0x0000000080000000, 0x00000000d3880000, 0x00000000d5580000)
  object space 1368576K, 99% used [0x0000000080000000,0x00000000d387a8e8,0x00000000d3880000)
 Metaspace       used 80459K, committed 82176K, reserved 1179648K
  class space    used 8184K, committed 8960K, reserved 1048576K
}
Event: 332.295 GC heap before
{Heap before GC invocations=1798 (full 3):
 PSYoungGen      total 14336K, used 14330K [0x00000000d5580000, 0x00000000d6880000, 0x0000000100000000)
  eden space 13312K, 100% used [0x00000000d5580000,0x00000000d6280000,0x00000000d6280000)
  from space 1024K, 99% used [0x00000000d6500000,0x00000000d65fea48,0x00000000d6600000)
  to   space 2560K, 0% used [0x00000000d6280000,0x00000000d6280000,0x00000000d6500000)
 ParOldGen       total 1368576K, used 1368554K [0x0000000080000000, 0x00000000d3880000, 0x00000000d5580000)
  object space 1368576K, 99% used [0x0000000080000000,0x00000000d387a8e8,0x00000000d3880000)
 Metaspace       used 80459K, committed 82176K, reserved 1179648K
  class space    used 8184K, committed 8960K, reserved 1048576K
}
Event: 332.299 GC heap after
{Heap after GC invocations=1798 (full 3):
 PSYoungGen      total 14336K, used 830K [0x00000000d5580000, 0x00000000d6580000, 0x0000000100000000)
  eden space 13312K, 0% used [0x00000000d5580000,0x00000000d5580000,0x00000000d6280000)
  from space 1024K, 81% used [0x00000000d6280000,0x00000000d634f8f8,0x00000000d6380000)
  to   space 1536K, 0% used [0x00000000d6400000,0x00000000d6400000,0x00000000d6580000)
 ParOldGen       total 1370112K, used 1369605K [0x0000000080000000, 0x00000000d3a00000, 0x00000000d5580000)
  object space 1370112K, 99% used [0x0000000080000000,0x00000000d3981780,0x00000000d3a00000)
 Metaspace       used 80459K, committed 82176K, reserved 1179648K
  class space    used 8184K, committed 8960K, reserved 1048576K
}
Event: 463.300 GC heap before
{Heap before GC invocations=1799 (full 3):
 PSYoungGen      total 14336K, used 13157K [0x00000000d5580000, 0x00000000d6580000, 0x0000000100000000)
  eden space 13312K, 92% used [0x00000000d5580000,0x00000000d6189d18,0x00000000d6280000)
  from space 1024K, 81% used [0x00000000d6280000,0x00000000d634f8f8,0x00000000d6380000)
  to   space 1536K, 0% used [0x00000000d6400000,0x00000000d6400000,0x00000000d6580000)
 ParOldGen       total 1398272K, used 1388805K [0x0000000080000000, 0x00000000d5580000, 0x00000000d5580000)
  object space 1398272K, 99% used [0x0000000080000000,0x00000000d4c417a0,0x00000000d5580000)
 Metaspace       used 80473K, committed 82240K, reserved 1179648K
  class space    used 8185K, committed 8960K, reserved 1048576K
}
Event: 463.308 GC heap after
{Heap after GC invocations=1799 (full 3):
 PSYoungGen      total 14336K, used 1520K [0x00000000d5580000, 0x00000000d6680000, 0x0000000100000000)
  eden space 12800K, 0% used [0x00000000d5580000,0x00000000d5580000,0x00000000d6200000)
  from space 1536K, 98% used [0x00000000d6400000,0x00000000d657c010,0x00000000d6580000)
  to   space 2048K, 0% used [0x00000000d6200000,0x00000000d6200000,0x00000000d6400000)
 ParOldGen       total 1398272K, used 1389101K [0x0000000080000000, 0x00000000d5580000, 0x00000000d5580000)
  object space 1398272K, 99% used [0x0000000080000000,0x00000000d4c8b7a0,0x00000000d5580000)
 Metaspace       used 80473K, committed 82240K, reserved 1179648K
  class space    used 8185K, committed 8960K, reserved 1048576K
}
Event: 463.363 GC heap before
{Heap before GC invocations=1800 (full 3):
 PSYoungGen      total 14336K, used 14320K [0x00000000d5580000, 0x00000000d6680000, 0x0000000100000000)
  eden space 12800K, 100% used [0x00000000d5580000,0x00000000d6200000,0x00000000d6200000)
  from space 1536K, 98% used [0x00000000d6400000,0x00000000d657c010,0x00000000d6580000)
  to   space 2048K, 0% used [0x00000000d6200000,0x00000000d6200000,0x00000000d6400000)
 ParOldGen       total 1398272K, used 1389101K [0x0000000080000000, 0x00000000d5580000, 0x00000000d5580000)
  object space 1398272K, 99% used [0x0000000080000000,0x00000000d4c8b7a0,0x00000000d5580000)
 Metaspace       used 80474K, committed 82240K, reserved 1179648K
  class space    used 8185K, committed 8960K, reserved 1048576K
}
Event: 463.368 GC heap after
{Heap after GC invocations=1800 (full 3):
 PSYoungGen      total 13312K, used 288K [0x00000000d5580000, 0x00000000d6480000, 0x0000000100000000)
  eden space 12800K, 0% used [0x00000000d5580000,0x00000000d5580000,0x00000000d6200000)
  from space 512K, 56% used [0x00000000d6200000,0x00000000d6248000,0x00000000d6280000)
  to   space 1024K, 0% used [0x00000000d6380000,0x00000000d6380000,0x00000000d6480000)
 ParOldGen       total 1398272K, used 1390529K [0x0000000080000000, 0x00000000d5580000, 0x00000000d5580000)
  object space 1398272K, 99% used [0x0000000080000000,0x00000000d4df07b0,0x00000000d5580000)
 Metaspace       used 80474K, committed 82240K, reserved 1179648K
  class space    used 8185K, committed 8960K, reserved 1048576K
}
Event: 1731.897 GC heap before
{Heap before GC invocations=1801 (full 4):
 PSYoungGen      total 13312K, used 10008K [0x00000000d5580000, 0x00000000d6480000, 0x0000000100000000)
  eden space 12800K, 75% used [0x00000000d5580000,0x00000000d5efe290,0x00000000d6200000)
  from space 512K, 56% used [0x00000000d6200000,0x00000000d6248000,0x00000000d6280000)
  to   space 1024K, 0% used [0x00000000d6380000,0x00000000d6380000,0x00000000d6480000)
 ParOldGen       total 1398272K, used 1398209K [0x0000000080000000, 0x00000000d5580000, 0x00000000d5580000)
  object space 1398272K, 99% used [0x0000000080000000,0x00000000d55707c0,0x00000000d5580000)
 Metaspace       used 80494K, committed 82240K, reserved 1179648K
  class space    used 8187K, committed 8960K, reserved 1048576K
}
Event: 1736.549 GC heap after
{Heap after GC invocations=1801 (full 4):
 PSYoungGen      total 13312K, used 0K [0x00000000d5580000, 0x00000000d6400000, 0x0000000100000000)
  eden space 12800K, 0% used [0x00000000d5580000,0x00000000d5580000,0x00000000d6200000)
  from space 512K, 0% used [0x00000000d6380000,0x00000000d6380000,0x00000000d6400000)
  to   space 1024K, 0% used [0x00000000d6200000,0x00000000d6200000,0x00000000d6300000)
 ParOldGen       total 171520K, used 144712K [0x0000000080000000, 0x000000008a780000, 0x00000000d5580000)
  object space 171520K, 84% used [0x0000000080000000,0x0000000088d520c8,0x000000008a780000)
 Metaspace       used 80058K, committed 81856K, reserved 1179648K
  class space    used 8146K, committed 8960K, reserved 1048576K
}
Event: 1736.698 GC heap before
{Heap before GC invocations=1802 (full 4):
 PSYoungGen      total 13312K, used 12800K [0x00000000d5580000, 0x00000000d6400000, 0x0000000100000000)
  eden space 12800K, 100% used [0x00000000d5580000,0x00000000d6200000,0x00000000d6200000)
  from space 512K, 0% used [0x00000000d6380000,0x00000000d6380000,0x00000000d6400000)
  to   space 1024K, 0% used [0x00000000d6200000,0x00000000d6200000,0x00000000d6300000)
 ParOldGen       total 171520K, used 156232K [0x0000000080000000, 0x000000008a780000, 0x00000000d5580000)
  object space 171520K, 91% used [0x0000000080000000,0x00000000898920d8,0x000000008a780000)
 Metaspace       used 80083K, committed 81856K, reserved 1179648K
  class space    used 8148K, committed 8960K, reserved 1048576K
}
Event: 1736.737 GC heap after
{Heap after GC invocations=1802 (full 4):
 PSYoungGen      total 13824K, used 448K [0x00000000d5580000, 0x00000000d6400000, 0x0000000100000000)
  eden space 12800K, 0% used [0x00000000d5580000,0x00000000d5580000,0x00000000d6200000)
  from space 1024K, 43% used [0x00000000d6200000,0x00000000d6270000,0x00000000d6300000)
  to   space 512K, 0% used [0x00000000d6380000,0x00000000d6380000,0x00000000d6400000)
 ParOldGen       total 171520K, used 167760K [0x0000000080000000, 0x000000008a780000, 0x00000000d5580000)
  object space 171520K, 97% used [0x0000000080000000,0x000000008a3d40e8,0x000000008a780000)
 Metaspace       used 80083K, committed 81856K, reserved 1179648K
  class space    used 8148K, committed 8960K, reserved 1048576K
}

Dll operation events (12 events):
Event: 0.011 Loaded shared library c:\Users\basti\.antigravity\extensions\redhat.java-1.54.0-win32-x64\jre\21.0.10-win32-x86_64\bin\java.dll
Event: 0.067 Loaded shared library c:\Users\basti\.antigravity\extensions\redhat.java-1.54.0-win32-x64\jre\21.0.10-win32-x86_64\bin\zip.dll
Event: 0.088 Loaded shared library C:\Users\basti\.antigravity\extensions\redhat.java-1.54.0-win32-x64\jre\21.0.10-win32-x86_64\bin\instrument.dll
Event: 0.091 Loaded shared library C:\Users\basti\.antigravity\extensions\redhat.java-1.54.0-win32-x64\jre\21.0.10-win32-x86_64\bin\net.dll
Event: 0.093 Loaded shared library C:\Users\basti\.antigravity\extensions\redhat.java-1.54.0-win32-x64\jre\21.0.10-win32-x86_64\bin\nio.dll
Event: 0.097 Loaded shared library C:\Users\basti\.antigravity\extensions\redhat.java-1.54.0-win32-x64\jre\21.0.10-win32-x86_64\bin\zip.dll
Event: 0.114 Loaded shared library C:\Users\basti\.antigravity\extensions\redhat.java-1.54.0-win32-x64\jre\21.0.10-win32-x86_64\bin\jimage.dll
Event: 0.202 Loaded shared library c:\Users\basti\.antigravity\extensions\redhat.java-1.54.0-win32-x64\jre\21.0.10-win32-x86_64\bin\verify.dll
Event: 1.636 Loaded shared library C:\Users\basti\AppData\Roaming\Antigravity\User\globalStorage\redhat.java\1.54.0\config_win\org.eclipse.equinox.launcher\org.eclipse.equinox.launcher.win32.win32.x86_64_1.3.0.v20260203-2149\eclipse_11919.dll
Event: 5.348 Loaded shared library C:\Users\basti\AppData\Local\Temp\jna-93509001\jna7599472756144984223.dll
Event: 202.029 Loaded shared library C:\Users\basti\.antigravity\extensions\redhat.java-1.54.0-win32-x64\jre\21.0.10-win32-x86_64\bin\extnet.dll
Event: 202.097 Loaded shared library C:\Users\basti\.antigravity\extensions\redhat.java-1.54.0-win32-x64\jre\21.0.10-win32-x86_64\bin\sunmscapi.dll

Deoptimization events (20 events):
Event: 1736.550 Thread 0x0000023f8453ffb0 Uncommon trap: trap_request=0xffffff45 fr.pc=0x0000023f90348fa4 relative=0x0000000000000944
Event: 1736.550 Thread 0x0000023f8453ffb0 Uncommon trap: reason=unstable_if action=reinterpret pc=0x0000023f90348fa4 method=java.lang.ref.ReferenceQueue.enqueue0(Ljava/lang/ref/Reference;)Z @ 85 c2
Event: 1736.550 Thread 0x0000023f8453ffb0 DEOPT PACKING pc=0x0000023f90348fa4 sp=0x000000f05deff240
Event: 1736.551 Thread 0x0000023f8453ffb0 DEOPT UNPACKING pc=0x0000023f8eb43aa2 sp=0x000000f05deff0a8 mode 2
Event: 1736.552 Thread 0x0000023f8453ffb0 Uncommon trap: trap_request=0xffffff45 fr.pc=0x0000023f8f7d98c8 relative=0x0000000000000648
Event: 1736.552 Thread 0x0000023f8453ffb0 Uncommon trap: reason=unstable_if action=reinterpret pc=0x0000023f8f7d98c8 method=java.lang.ref.ReferenceQueue.enqueue0(Ljava/lang/ref/Reference;)Z @ 85 c2
Event: 1736.552 Thread 0x0000023f8453ffb0 DEOPT PACKING pc=0x0000023f8f7d98c8 sp=0x000000f05deff1c0
Event: 1736.553 Thread 0x0000023f8453ffb0 DEOPT UNPACKING pc=0x0000023f8eb43aa2 sp=0x000000f05deff0a0 mode 2
Event: 1736.553 Thread 0x0000023f845408e0 Uncommon trap: trap_request=0xffffff45 fr.pc=0x0000023f8f7d8c08 relative=0x00000000000000e8
Event: 1736.553 Thread 0x0000023f845408e0 Uncommon trap: reason=unstable_if action=reinterpret pc=0x0000023f8f7d8c08 method=java.lang.ref.ReferenceQueue.poll0()Ljava/lang/ref/Reference; @ 54 c2
Event: 1736.553 Thread 0x0000023f845408e0 DEOPT PACKING pc=0x0000023f8f7d8c08 sp=0x000000f05dfff040
Event: 1736.553 Thread 0x0000023f845408e0 DEOPT UNPACKING pc=0x0000023f8eb43aa2 sp=0x000000f05dffefc0 mode 2
Event: 1736.691 Thread 0x0000023fe4464090 Uncommon trap: trap_request=0xffffff6e fr.pc=0x0000023f90ab1474 relative=0x0000000000000694
Event: 1736.691 Thread 0x0000023fe4464090 Uncommon trap: reason=loop_limit_check action=maybe_recompile pc=0x0000023f90ab1474 method=org.codehaus.plexus.util.SelectorUtils.matchAntPathPattern([[C[[CZ)Z @ 231 c2
Event: 1736.691 Thread 0x0000023fe4464090 DEOPT PACKING pc=0x0000023f90ab1474 sp=0x000000f0608fd0f0
Event: 1736.691 Thread 0x0000023fe4464090 DEOPT UNPACKING pc=0x0000023f8eb43aa2 sp=0x000000f0608fd030 mode 2
Event: 2039.625 Thread 0x0000023ff389b2a0 Uncommon trap: trap_request=0xffffff45 fr.pc=0x0000023f9003e45c relative=0x000000000000027c
Event: 2039.626 Thread 0x0000023ff389b2a0 Uncommon trap: reason=unstable_if action=reinterpret pc=0x0000023f9003e45c method=org.eclipse.core.internal.dtree.DeltaDataTree.getData(Lorg/eclipse/core/runtime/IPath;)Ljava/lang/Object; @ 56 c2
Event: 2039.627 Thread 0x0000023ff389b2a0 DEOPT PACKING pc=0x0000023f9003e45c sp=0x000000f05d7fed20
Event: 2039.628 Thread 0x0000023ff389b2a0 DEOPT UNPACKING pc=0x0000023f8eb43aa2 sp=0x000000f05d7fecb8 mode 2

Classes loaded (20 events):
Event: 306.728 Loading class java/util/stream/Nodes$CollectorTask done
Event: 306.728 Loading class java/util/stream/Nodes$CollectorTask$OfRef done
Event: 306.734 Loading class java/util/function/LongFunction
Event: 306.734 Loading class java/util/function/LongFunction done
Event: 306.735 Loading class java/util/stream/Nodes$ConcNode
Event: 306.735 Loading class java/util/stream/Nodes$AbstractConcNode
Event: 306.735 Loading class java/util/stream/Nodes$AbstractConcNode done
Event: 306.735 Loading class java/util/stream/Nodes$ConcNode done
Event: 306.776 Loading class java/util/stream/Nodes$ToArrayTask$OfRef
Event: 306.776 Loading class java/util/stream/Nodes$ToArrayTask
Event: 306.777 Loading class java/util/stream/Nodes$ToArrayTask done
Event: 306.777 Loading class java/util/stream/Nodes$ToArrayTask$OfRef done
Event: 331.527 Loading class jdk/internal/module/IllegalAccessLogger
Event: 331.527 Loading class jdk/internal/module/IllegalAccessLogger done
Event: 1736.591 Loading class sun/security/ssl/Alert
Event: 1736.614 Loading class sun/security/ssl/Alert done
Event: 1736.619 Loading class sun/security/ssl/Alert$AlertConsumer
Event: 1736.624 Loading class sun/security/ssl/Alert$AlertConsumer done
Event: 1736.625 Loading class sun/security/ssl/Alert$Level
Event: 1736.626 Loading class sun/security/ssl/Alert$Level done

Classes unloaded (20 events):
Event: 1733.650 Thread 0x0000023f84434880 Unloading class 0x0000023f9c739018 'org/apache/maven/shared/filtering/MavenReaderFilterRequest'
Event: 1733.650 Thread 0x0000023f84434880 Unloading class 0x0000023f9c738d00 'org/apache/maven/shared/filtering/MavenFileFilterRequest'
Event: 1733.650 Thread 0x0000023f84434880 Unloading class 0x0000023f9c738b00 'org/codehaus/plexus/interpolation/Interpolator'
Event: 1733.651 Thread 0x0000023f84434880 Unloading class 0x0000023f9c738900 'org/codehaus/plexus/interpolation/BasicInterpolator'
Event: 1733.651 Thread 0x0000023f84434880 Unloading class 0x0000023f9c737dd0 'org/codehaus/plexus/interpolation/ValueSource'
Event: 1733.652 Thread 0x0000023f84434880 Unloading class 0x0000023f9c738538 'org/apache/maven/shared/filtering/MavenResourcesExecution'
Event: 1733.652 Thread 0x0000023f84434880 Unloading class 0x0000023f9c738260 'org/apache/maven/shared/filtering/AbstractMavenFilteringRequest'
Event: 1733.652 Thread 0x0000023f84434880 Unloading class 0x0000023f9c738000 'org/apache/maven/shared/filtering/MavenFilteringException'
Event: 1733.652 Thread 0x0000023f84434880 Unloading class 0x0000023f9c737b80 'org/apache/maven/shared/filtering/DefaultMavenResourcesFiltering'
Event: 1733.652 Thread 0x0000023f84434880 Unloading class 0x0000023f9c737980 'org/apache/maven/shared/filtering/MavenResourcesFiltering'
Event: 1733.652 Thread 0x0000023f84434880 Unloading class 0x0000023f9c7376f0 'org/apache/maven/shared/filtering/DefaultMavenReaderFilter'
Event: 1733.652 Thread 0x0000023f84434880 Unloading class 0x0000023f9c7374f0 'org/apache/maven/shared/filtering/MavenReaderFilter'
Event: 1733.652 Thread 0x0000023f84434880 Unloading class 0x0000023f9c737250 'org/apache/maven/shared/filtering/DefaultMavenFileFilter'
Event: 1733.652 Thread 0x0000023f84434880 Unloading class 0x0000023f9c737000 'org/apache/maven/shared/filtering/BaseFilter'
Event: 1733.652 Thread 0x0000023f84434880 Unloading class 0x0000023f9c736db8 'org/apache/maven/shared/filtering/MavenFileFilter'
Event: 1733.652 Thread 0x0000023f84434880 Unloading class 0x0000023f9c736bb8 'org/apache/maven/shared/filtering/DefaultFilterInfo'
Event: 1733.652 Thread 0x0000023f84434880 Unloading class 0x0000023f9c7368a8 'org/apache/maven/plugins/resources/TestResourcesMojo'
Event: 1733.652 Thread 0x0000023f84434880 Unloading class 0x0000023f9c736620 'org/apache/maven/plugins/maven_resources_plugin/HelpMojo'
Event: 1733.652 Thread 0x0000023f84434880 Unloading class 0x0000023f9c736310 'org/apache/maven/plugins/resources/CopyResourcesMojo'
Event: 1733.652 Thread 0x0000023f84434880 Unloading class 0x0000023f9c736000 'org/apache/maven/plugins/resources/ResourcesMojo'

Classes redefined (0 events):
No events

Internal exceptions (20 events):
Event: 627.406 Thread 0x0000023fe4464090 Exception <a 'sun/nio/fs/WindowsException'{0x00000000d58ae668}> (0x00000000d58ae668) 
thrown [s\src\hotspot\share\prims\jni.cpp, line 520]
Event: 627.406 Thread 0x0000023fe4464090 Exception <a 'sun/nio/fs/WindowsException'{0x00000000d58aefc0}> (0x00000000d58aefc0) 
thrown [s\src\hotspot\share\prims\jni.cpp, line 520]
Event: 2039.058 Thread 0x0000023ff389b2a0 Exception <a 'sun/nio/fs/WindowsException'{0x00000000d570a0b0}> (0x00000000d570a0b0) 
thrown [s\src\hotspot\share\prims\jni.cpp, line 520]
Event: 2039.067 Thread 0x0000023ff389b2a0 Exception <a 'sun/nio/fs/WindowsException'{0x00000000d570aa28}> (0x00000000d570aa28) 
thrown [s\src\hotspot\share\prims\jni.cpp, line 520]
Event: 2039.098 Thread 0x0000023ff389b2a0 Exception <a 'sun/nio/fs/WindowsException'{0x00000000d571a4c0}> (0x00000000d571a4c0) 
thrown [s\src\hotspot\share\prims\jni.cpp, line 520]
Event: 2039.099 Thread 0x0000023ff389b2a0 Exception <a 'sun/nio/fs/WindowsException'{0x00000000d571ae18}> (0x00000000d571ae18) 
thrown [s\src\hotspot\share\prims\jni.cpp, line 520]
Event: 2039.115 Thread 0x0000023ff389b2a0 Exception <a 'sun/nio/fs/WindowsException'{0x00000000d5726478}> (0x00000000d5726478) 
thrown [s\src\hotspot\share\prims\jni.cpp, line 520]
Event: 2039.116 Thread 0x0000023ff389b2a0 Exception <a 'sun/nio/fs/WindowsException'{0x00000000d5726dd0}> (0x00000000d5726dd0) 
thrown [s\src\hotspot\share\prims\jni.cpp, line 520]
Event: 2039.122 Thread 0x0000023ff389b2a0 Exception <a 'sun/nio/fs/WindowsException'{0x00000000d572ab28}> (0x00000000d572ab28) 
thrown [s\src\hotspot\share\prims\jni.cpp, line 520]
Event: 2039.122 Thread 0x0000023ff389b2a0 Exception <a 'sun/nio/fs/WindowsException'{0x00000000d572b480}> (0x00000000d572b480) 
thrown [s\src\hotspot\share\prims\jni.cpp, line 520]
Event: 2039.127 Thread 0x0000023ff389b2a0 Exception <a 'sun/nio/fs/WindowsException'{0x00000000d5733a80}> (0x00000000d5733a80) 
thrown [s\src\hotspot\share\prims\jni.cpp, line 520]
Event: 2039.127 Thread 0x0000023ff389b2a0 Exception <a 'sun/nio/fs/WindowsException'{0x00000000d57343d8}> (0x00000000d57343d8) 
thrown [s\src\hotspot\share\prims\jni.cpp, line 520]
Event: 2039.130 Thread 0x0000023ff389b2a0 Exception <a 'sun/nio/fs/WindowsException'{0x00000000d5735b20}> (0x00000000d5735b20) 
thrown [s\src\hotspot\share\prims\jni.cpp, line 520]
Event: 2039.131 Thread 0x0000023ff389b2a0 Exception <a 'sun/nio/fs/WindowsException'{0x00000000d5736478}> (0x00000000d5736478) 
thrown [s\src\hotspot\share\prims\jni.cpp, line 520]
Event: 2039.138 Thread 0x0000023ff389b2a0 Exception <a 'sun/nio/fs/WindowsException'{0x00000000d5737bc0}> (0x00000000d5737bc0) 
thrown [s\src\hotspot\share\prims\jni.cpp, line 520]
Event: 2039.138 Thread 0x0000023ff389b2a0 Exception <a 'sun/nio/fs/WindowsException'{0x00000000d5738518}> (0x00000000d5738518) 
thrown [s\src\hotspot\share\prims\jni.cpp, line 520]
Event: 2039.142 Thread 0x0000023ff389b2a0 Exception <a 'sun/nio/fs/WindowsException'{0x00000000d5739ec0}> (0x00000000d5739ec0) 
thrown [s\src\hotspot\share\prims\jni.cpp, line 520]
Event: 2039.142 Thread 0x0000023ff389b2a0 Exception <a 'sun/nio/fs/WindowsException'{0x00000000d573a818}> (0x00000000d573a818) 
thrown [s\src\hotspot\share\prims\jni.cpp, line 520]
Event: 2039.144 Thread 0x0000023ff389b2a0 Exception <a 'sun/nio/fs/WindowsException'{0x00000000d573bf60}> (0x00000000d573bf60) 
thrown [s\src\hotspot\share\prims\jni.cpp, line 520]
Event: 2039.144 Thread 0x0000023ff389b2a0 Exception <a 'sun/nio/fs/WindowsException'{0x00000000d573c8b8}> (0x00000000d573c8b8) 
thrown [s\src\hotspot\share\prims\jni.cpp, line 520]

ZGC Phase Switch (0 events):
No events

VM Operations (20 events):
Event: 1736.697 Executing safepoint VM operation: ParallelGCFailedAllocation (Allocation Failure)
Event: 1736.737 Executing safepoint VM operation: ParallelGCFailedAllocation (Allocation Failure) done
Event: 1738.740 Executing safepoint VM operation: Cleanup
Event: 1738.740 Executing safepoint VM operation: Cleanup done
Event: 1743.616 Executing non-safepoint VM operation: HandshakeAllThreads (HandshakeForDeflation)
Event: 1743.616 Executing non-safepoint VM operation: HandshakeAllThreads (HandshakeForDeflation) done
Event: 1743.616 Executing non-safepoint VM operation: RendezvousGCThreads
Event: 1743.616 Executing non-safepoint VM operation: RendezvousGCThreads done
Event: 2039.642 Executing safepoint VM operation: Cleanup
Event: 2039.646 Executing safepoint VM operation: Cleanup done
Event: 2040.654 Executing safepoint VM operation: Cleanup
Event: 2040.686 Executing safepoint VM operation: Cleanup done
Event: 2044.333 Executing non-safepoint VM operation: HandshakeAllThreads (HandshakeForDeflation)
Event: 2044.333 Executing non-safepoint VM operation: HandshakeAllThreads (HandshakeForDeflation) done
Event: 2044.334 Executing non-safepoint VM operation: RendezvousGCThreads
Event: 2044.334 Executing non-safepoint VM operation: RendezvousGCThreads done
Event: 2164.507 Executing non-safepoint VM operation: HandshakeAllThreads (HandshakeForDeflation)
Event: 2164.511 Executing non-safepoint VM operation: HandshakeAllThreads (HandshakeForDeflation) done
Event: 2164.511 Executing non-safepoint VM operation: RendezvousGCThreads
Event: 2164.511 Executing non-safepoint VM operation: RendezvousGCThreads done

Memory protections (0 events):
No events

Nmethod flushes (20 events):
Event: 1735.938 Thread 0x0000023f84434880 flushing  nmethod 0x0000023f88d1fe10
Event: 1735.938 Thread 0x0000023f84434880 flushing  nmethod 0x0000023f88d20710
Event: 1735.938 Thread 0x0000023f84434880 flushing  nmethod 0x0000023f88d21210
Event: 1735.939 Thread 0x0000023f84434880 flushing  nmethod 0x0000023f88d22490
Event: 1735.939 Thread 0x0000023f84434880 flushing  nmethod 0x0000023f88d24390
Event: 1735.939 Thread 0x0000023f84434880 flushing  nmethod 0x0000023f88d49d90
Event: 1735.939 Thread 0x0000023f84434880 flushing  nmethod 0x0000023f88d64a90
Event: 1735.939 Thread 0x0000023f84434880 flushing  nmethod 0x0000023f88d66510
Event: 1735.939 Thread 0x0000023f84434880 flushing  nmethod 0x0000023f88d6ee90
Event: 1735.940 Thread 0x0000023f84434880 flushing  nmethod 0x0000023f88dbb190
Event: 1735.940 Thread 0x0000023f84434880 flushing  nmethod 0x0000023f88dd3e10
Event: 1735.940 Thread 0x0000023f84434880 flushing  nmethod 0x0000023f88df3490
Event: 1735.940 Thread 0x0000023f84434880 flushing  nmethod 0x0000023f88e33990
Event: 1735.941 Thread 0x0000023f84434880 flushing  nmethod 0x0000023f88e34490
Event: 1735.941 Thread 0x0000023f84434880 flushing  nmethod 0x0000023f88e35510
Event: 1735.941 Thread 0x0000023f84434880 flushing  nmethod 0x0000023f88e38790
Event: 1735.941 Thread 0x0000023f84434880 flushing  nmethod 0x0000023f8969c190
Event: 1735.941 Thread 0x0000023f84434880 flushing  nmethod 0x0000023f8969cf10
Event: 1735.942 Thread 0x0000023f84434880 flushing  nmethod 0x0000023f896a3690
Event: 1735.942 Thread 0x0000023f84434880 flushing  nmethod 0x0000023f896a8e90

Events (20 events):
Event: 1741.886 Thread 0x0000023fe65f5660 Thread exited: 0x0000023fe65f5660
Event: 1796.564 Thread 0x0000023ff389b930 Thread exited: 0x0000023ff389b930
Event: 2038.885 Thread 0x0000023ff389b2a0 Thread added: 0x0000023ff389b930
Event: 2038.921 Thread 0x0000023ff389b930 Thread exited: 0x0000023ff389b930
Event: 2039.153 Thread 0x0000023ff389b2a0 Thread added: 0x0000023ff389bfc0
Event: 2039.162 Thread 0x0000023ff389bfc0 Thread added: 0x0000023ff389b930
Event: 2039.166 Thread 0x0000023ff389b930 Thread added: 0x0000023ff389fad0
Event: 2039.167 Thread 0x0000023ff389bfc0 Thread added: 0x0000023ff389e720
Event: 2039.167 Thread 0x0000023ff389b930 Thread added: 0x0000023ff389c650
Event: 2039.168 Thread 0x0000023ff389bfc0 Thread added: 0x0000023ff389da00
Event: 2039.172 Thread 0x0000023ff389b930 Thread added: 0x0000023ff389edb0
Event: 2039.174 Thread 0x0000023ff389bfc0 Thread added: 0x0000023ff389e090
Event: 2039.176 Thread 0x0000023ff389bfc0 Thread exited: 0x0000023ff389bfc0
Event: 2039.176 Thread 0x0000023ff389e090 Thread exited: 0x0000023ff389e090
Event: 2039.177 Thread 0x0000023ff389da00 Thread exited: 0x0000023ff389da00
Event: 2039.177 Thread 0x0000023ff389e720 Thread exited: 0x0000023ff389e720
Event: 2039.177 Thread 0x0000023ff389b930 Thread exited: 0x0000023ff389b930
Event: 2039.177 Thread 0x0000023ff389fad0 Thread exited: 0x0000023ff389fad0
Event: 2039.177 Thread 0x0000023ff389c650 Thread exited: 0x0000023ff389c650
Event: 2039.177 Thread 0x0000023ff389edb0 Thread exited: 0x0000023ff389edb0


Dynamic libraries:
0x00007ff72f070000 - 0x00007ff72f07e000 	c:\Users\basti\.antigravity\extensions\redhat.java-1.54.0-win32-x64\jre\21.0.10-win32-x86_64\bin\java.exe
0x00007ffe0d240000 - 0x00007ffe0d4a7000 	C:\WINDOWS\SYSTEM32\ntdll.dll
0x00007ffe0cc60000 - 0x00007ffe0cd29000 	C:\WINDOWS\System32\KERNEL32.DLL
0x00007ffe09c70000 - 0x00007ffe0a067000 	C:\WINDOWS\System32\KERNELBASE.dll
0x00007ffe0a0a0000 - 0x00007ffe0a1eb000 	C:\WINDOWS\System32\ucrtbase.dll
0x00007ffded180000 - 0x00007ffded198000 	c:\Users\basti\.antigravity\extensions\redhat.java-1.54.0-win32-x64\jre\21.0.10-win32-x86_64\bin\jli.dll
0x00007ffe0bc00000 - 0x00007ffe0bdc6000 	C:\WINDOWS\System32\USER32.dll
0x00007ffdeab80000 - 0x00007ffdeae12000 	C:\WINDOWS\WinSxS\amd64_microsoft.windows.common-controls_6595b64144ccf1df_6.0.26100.8328_none_3e08182ce334b678\COMCTL32.dll
0x00007ffe0b7b0000 - 0x00007ffe0b859000 	C:\WINDOWS\System32\msvcrt.dll
0x00007ffe0a070000 - 0x00007ffe0a097000 	C:\WINDOWS\System32\win32u.dll
0x00007ffe0c4b0000 - 0x00007ffe0c4db000 	C:\WINDOWS\System32\GDI32.dll
0x00007ffe0a2a0000 - 0x00007ffe0a3cc000 	C:\WINDOWS\System32\gdi32full.dll
0x00007ffded160000 - 0x00007ffded17e000 	c:\Users\basti\.antigravity\extensions\redhat.java-1.54.0-win32-x64\jre\21.0.10-win32-x86_64\bin\VCRUNTIME140.dll
0x00007ffe0af10000 - 0x00007ffe0afb3000 	C:\WINDOWS\System32\msvcp_win.dll
0x00007ffe0cf90000 - 0x00007ffe0cfc2000 	C:\WINDOWS\System32\IMM32.DLL
0x00007ffdef3a0000 - 0x00007ffdef3ac000 	c:\Users\basti\.antigravity\extensions\redhat.java-1.54.0-win32-x64\jre\21.0.10-win32-x86_64\bin\vcruntime140_1.dll
0x00007ffd8ece0000 - 0x00007ffd8ed6d000 	c:\Users\basti\.antigravity\extensions\redhat.java-1.54.0-win32-x64\jre\21.0.10-win32-x86_64\bin\msvcp140.dll
0x00007ffd1dd70000 - 0x00007ffd1eb11000 	c:\Users\basti\.antigravity\extensions\redhat.java-1.54.0-win32-x64\jre\21.0.10-win32-x86_64\bin\server\jvm.dll
0x00007ffe0bdd0000 - 0x00007ffe0be86000 	C:\WINDOWS\System32\ADVAPI32.dll
0x00007ffe0cff0000 - 0x00007ffe0d097000 	C:\WINDOWS\System32\sechost.dll
0x00007ffe0c1b0000 - 0x00007ffe0c2c8000 	C:\WINDOWS\System32\RPCRT4.dll
0x00007ffe0cf00000 - 0x00007ffe0cf80000 	C:\WINDOWS\System32\WS2_32.dll
0x00007ffdf2c80000 - 0x00007ffdf2cb6000 	C:\WINDOWS\SYSTEM32\WINMM.dll
0x00007ffe09ad0000 - 0x00007ffe09b2e000 	C:\WINDOWS\SYSTEM32\POWRPROF.dll
0x00007ffdf16e0000 - 0x00007ffdf16eb000 	C:\WINDOWS\SYSTEM32\VERSION.dll
0x00007ffe09ab0000 - 0x00007ffe09ac4000 	C:\WINDOWS\SYSTEM32\UMPDC.dll
0x00007ffe08a00000 - 0x00007ffe08a1b000 	C:\WINDOWS\SYSTEM32\kernel.appcore.dll
0x00007ffded150000 - 0x00007ffded15a000 	c:\Users\basti\.antigravity\extensions\redhat.java-1.54.0-win32-x64\jre\21.0.10-win32-x86_64\bin\jimage.dll
0x00007ffe07ad0000 - 0x00007ffe07d12000 	C:\WINDOWS\SYSTEM32\DBGHELP.DLL
0x00007ffe0b870000 - 0x00007ffe0bbf3000 	C:\WINDOWS\System32\combase.dll
0x00007ffe0c360000 - 0x00007ffe0c439000 	C:\WINDOWS\System32\OLEAUT32.dll
0x00007ffde38e0000 - 0x00007ffde391b000 	C:\WINDOWS\SYSTEM32\dbgcore.DLL
0x00007ffe0a1f0000 - 0x00007ffe0a298000 	C:\WINDOWS\System32\bcryptPrimitives.dll
0x00007ffded140000 - 0x00007ffded14f000 	c:\Users\basti\.antigravity\extensions\redhat.java-1.54.0-win32-x64\jre\21.0.10-win32-x86_64\bin\instrument.dll
0x00007ffdb08d0000 - 0x00007ffdb08f0000 	c:\Users\basti\.antigravity\extensions\redhat.java-1.54.0-win32-x64\jre\21.0.10-win32-x86_64\bin\java.dll
0x00007ffe0c4e0000 - 0x00007ffe0cc4e000 	C:\WINDOWS\System32\SHELL32.dll
0x00007ffe0a3d0000 - 0x00007ffe0ac3c000 	C:\WINDOWS\System32\windows.storage.dll
0x00007ffe0b680000 - 0x00007ffe0b776000 	C:\WINDOWS\System32\SHCORE.dll
0x00007ffe0c440000 - 0x00007ffe0c4a6000 	C:\WINDOWS\System32\shlwapi.dll
0x00007ffe09b90000 - 0x00007ffe09bb9000 	C:\WINDOWS\SYSTEM32\profapi.dll
0x00007ffd8ecc0000 - 0x00007ffd8ecd8000 	c:\Users\basti\.antigravity\extensions\redhat.java-1.54.0-win32-x64\jre\21.0.10-win32-x86_64\bin\zip.dll
0x00007ffded130000 - 0x00007ffded140000 	C:\Users\basti\.antigravity\extensions\redhat.java-1.54.0-win32-x64\jre\21.0.10-win32-x86_64\bin\net.dll
0x00007ffdfefc0000 - 0x00007ffdff0e9000 	C:\WINDOWS\SYSTEM32\WINHTTP.dll
0x00007ffe08f70000 - 0x00007ffe08fdc000 	C:\WINDOWS\system32\mswsock.dll
0x00007ffd8eca0000 - 0x00007ffd8ecb6000 	C:\Users\basti\.antigravity\extensions\redhat.java-1.54.0-win32-x64\jre\21.0.10-win32-x86_64\bin\nio.dll
0x00007ffd8ea00000 - 0x00007ffd8ea10000 	c:\Users\basti\.antigravity\extensions\redhat.java-1.54.0-win32-x64\jre\21.0.10-win32-x86_64\bin\verify.dll
0x00007ffd8ead0000 - 0x00007ffd8eb15000 	C:\Users\basti\AppData\Roaming\Antigravity\User\globalStorage\redhat.java\1.54.0\config_win\org.eclipse.equinox.launcher\org.eclipse.equinox.launcher.win32.win32.x86_64_1.3.0.v20260203-2149\eclipse_11919.dll
0x00007ffe0b450000 - 0x00007ffe0b5e7000 	C:\WINDOWS\System32\ole32.dll
0x00007ffe09250000 - 0x00007ffe0926b000 	C:\WINDOWS\SYSTEM32\CRYPTSP.dll
0x00007ffe08960000 - 0x00007ffe08999000 	C:\WINDOWS\system32\rsaenh.dll
0x00007ffe09020000 - 0x00007ffe09053000 	C:\WINDOWS\SYSTEM32\USERENV.dll
0x00007ffe09b60000 - 0x00007ffe09b8a000 	C:\WINDOWS\SYSTEM32\bcrypt.dll
0x00007ffe09270000 - 0x00007ffe0927c000 	C:\WINDOWS\SYSTEM32\CRYPTBASE.dll
0x00007ffe08480000 - 0x00007ffe084b2000 	C:\WINDOWS\SYSTEM32\IPHLPAPI.DLL
0x00007ffe0b860000 - 0x00007ffe0b86a000 	C:\WINDOWS\System32\NSI.dll
0x00007ffd915a0000 - 0x00007ffd915e9000 	C:\Users\basti\AppData\Local\Temp\jna-93509001\jna7599472756144984223.dll
0x00007ffe0cea0000 - 0x00007ffe0cea8000 	C:\WINDOWS\System32\PSAPI.DLL
0x00007ffdff320000 - 0x00007ffdff33d000 	C:\WINDOWS\SYSTEM32\dhcpcsvc6.DLL
0x00007ffdff2f0000 - 0x00007ffdff315000 	C:\WINDOWS\SYSTEM32\dhcpcsvc.DLL
0x00007ffe08b20000 - 0x00007ffe08b56000 	C:\WINDOWS\SYSTEM32\ntmarta.dll
0x00007ffe08560000 - 0x00007ffe08692000 	C:\WINDOWS\SYSTEM32\DNSAPI.dll
0x00007ffdfef10000 - 0x00007ffdfef1b000 	C:\Windows\System32\rasadhlp.dll
0x00007ffdff870000 - 0x00007ffdff8f6000 	C:\WINDOWS\System32\fwpuclnt.dll
0x00007ffe06de0000 - 0x00007ffe06de9000 	C:\Users\basti\.antigravity\extensions\redhat.java-1.54.0-win32-x64\jre\21.0.10-win32-x86_64\bin\extnet.dll
0x00007ffe04df0000 - 0x00007ffe04dfe000 	C:\Users\basti\.antigravity\extensions\redhat.java-1.54.0-win32-x64\jre\21.0.10-win32-x86_64\bin\sunmscapi.dll
0x00007ffe0ad90000 - 0x00007ffe0af08000 	C:\WINDOWS\System32\CRYPT32.dll
0x00007ffe09470000 - 0x00007ffe094a0000 	C:\WINDOWS\SYSTEM32\ncrypt.dll
0x00007ffe09420000 - 0x00007ffe0945f000 	C:\WINDOWS\SYSTEM32\NTASN1.dll

JVMTI agents:
c:\Users\basti\.antigravity\extensions\redhat.java-1.54.0-win32-x64\lombok\lombok-1.18.39-4050.jar path:c:\Users\basti\.antigravity\extensions\redhat.java-1.54.0-win32-x64\jre\21.0.10-win32-x86_64\bin\instrument.dll, loaded, initialized, instrumentlib options:none

dbghelp: loaded successfully - version: 4.0.5 - missing functions: none
symbol engine: initialized successfully - sym options: 0x614 - pdb path: .;c:\Users\basti\.antigravity\extensions\redhat.java-1.54.0-win32-x64\jre\21.0.10-win32-x86_64\bin;C:\WINDOWS\SYSTEM32;C:\WINDOWS\WinSxS\amd64_microsoft.windows.common-controls_6595b64144ccf1df_6.0.26100.8328_none_3e08182ce334b678;c:\Users\basti\.antigravity\extensions\redhat.java-1.54.0-win32-x64\jre\21.0.10-win32-x86_64\bin\server;C:\Users\basti\AppData\Roaming\Antigravity\User\globalStorage\redhat.java\1.54.0\config_win\org.eclipse.equinox.launcher\org.eclipse.equinox.launcher.win32.win32.x86_64_1.3.0.v20260203-2149;C:\Users\basti\AppData\Local\Temp\jna-93509001

VM Arguments:
jvm_args: --add-modules=ALL-SYSTEM --add-opens=java.base/java.util=ALL-UNNAMED --add-opens=java.base/java.lang=ALL-UNNAMED --add-opens=java.base/sun.nio.fs=ALL-UNNAMED -Declipse.application=org.eclipse.jdt.ls.core.id1 -Dosgi.bundles.defaultStartLevel=4 -Declipse.product=org.eclipse.jdt.ls.core.product -Djava.import.generatesMetadataFilesAtProjectRoot=false -DDetectVMInstallationsJob.disabled=true -Dfile.encoding=utf8 -XX:+UseParallelGC -XX:GCTimeRatio=4 -XX:AdaptiveSizePolicyWeight=90 -Dsun.zip.disableMemoryMapping=true -Xmx2G -Xms100m -Xlog:disable -javaagent:c:\Users\basti\.antigravity\extensions\redhat.java-1.54.0-win32-x64\lombok\lombok-1.18.39-4050.jar -XX:+HeapDumpOnOutOfMemoryError -XX:HeapDumpPath=c:\Users\basti\AppData\Roaming\Antigravity\User\workspaceStorage\558160b43f531beb3b59755a33f9310b\redhat.java -Daether.dependencyCollector.impl=bf 
java_command: c:\Users\basti\.antigravity\extensions\redhat.java-1.54.0-win32-x64\server\plugins\org.eclipse.equinox.launcher_1.7.100.v20251111-0406.jar -configuration c:\Users\basti\AppData\Roaming\Antigravity\User\globalStorage\redhat.java\1.54.0\config_win -data c:\Users\basti\AppData\Roaming\Antigravity\User\workspaceStorage\558160b43f531beb3b59755a33f9310b\redhat.java\jdt_ws --pipe=\\.\pipe\lsp-db38bd1a62888d5f04ded21c97750b3c-sock
java_class_path (initial): c:\Users\basti\.antigravity\extensions\redhat.java-1.54.0-win32-x64\server\plugins\org.eclipse.equinox.launcher_1.7.100.v20251111-0406.jar
Launcher Type: SUN_STANDARD

[Global flags]
    uintx AdaptiveSizePolicyWeight                 = 90                                        {product} {command line}
     intx CICompilerCount                          = 12                                        {product} {ergonomic}
    uintx GCTimeRatio                              = 4                                         {product} {command line}
     bool HeapDumpOnOutOfMemoryError               = true                                   {manageable} {command line}
    ccstr HeapDumpPath                             = c:\Users\basti\AppData\Roaming\Antigravity\User\workspaceStorage\558160b43f531beb3b59755a33f9310b\redhat.java         {manageable} {command line}
   size_t InitialHeapSize                          = 104857600                                 {product} {command line}
   size_t MaxHeapSize                              = 2147483648                                {product} {command line}
   size_t MaxNewSize                               = 715653120                                 {product} {ergonomic}
   size_t MinHeapDeltaBytes                        = 524288                                    {product} {ergonomic}
   size_t MinHeapSize                              = 104857600                                 {product} {command line}
   size_t NewSize                                  = 34603008                                  {product} {ergonomic}
    uintx NonNMethodCodeHeapSize                   = 7602480                                {pd product} {ergonomic}
    uintx NonProfiledCodeHeapSize                  = 122027880                              {pd product} {ergonomic}
   size_t OldSize                                  = 70254592                                  {product} {ergonomic}
    uintx ProfiledCodeHeapSize                     = 122027880                              {pd product} {ergonomic}
    uintx ReservedCodeCacheSize                    = 251658240                              {pd product} {ergonomic}
     bool SegmentedCodeCache                       = true                                      {product} {ergonomic}
   size_t SoftMaxHeapSize                          = 2147483648                             {manageable} {ergonomic}
     bool UseCompressedOops                        = true                           {product lp64_product} {ergonomic}
     bool UseLargePagesIndividualAllocation        = false                                  {pd product} {ergonomic}
     bool UseParallelGC                            = true                                      {product} {command line}

Logging:
Log output configuration:
 #0: stdout all=off uptime,level,tags foldmultilines=false
 #1: stderr all=off uptime,level,tags foldmultilines=false

Release file:
JAVA_VERSION="21.0.10" 
MODULES="java.base java.compiler java.datatransfer java.xml java.prefs java.desktop java.instrument java.logging java.management java.security.sasl java.naming java.rmi java.management.rmi java.net.http java.scripting java.security.jgss java.transaction.xa java.sql java.sql.rowset java.xml.crypto java.se java.smartcardio jdk.accessibility jdk.internal.jvmstat jdk.attach jdk.charsets jdk.internal.opt jdk.zipfs jdk.compiler jdk.crypto.ec jdk.crypto.cryptoki jdk.crypto.mscapi jdk.dynalink jdk.internal.ed jdk.editpad jdk.hotspot.agent jdk.httpserver jdk.internal.le jdk.internal.vm.ci jdk.internal.vm.compiler jdk.internal.vm.compiler.management jdk.jartool jdk.javadoc jdk.jcmd jdk.management jdk.management.agent jdk.jconsole jdk.jdeps jdk.jdwp.agent jdk.jdi jdk.jfr jdk.jshell jdk.jsobject jdk.jstatd jdk.localedata jdk.management.jfr jdk.naming.dns jdk.naming.rmi jdk.net jdk.nio.mapmode jdk.random jdk.sctp jdk.security.auth jdk.security.jgss jdk.unsupported jdk.unsupported.desktop jdk.xml.dom" 

Environment Variables:
JAVA_HOME=C:\Program Files\Amazon Corretto\jdk17.0.17_10
PATH=C:\Program Files\Amazon Corretto\jdk21.0.11_10\bin;C:\app\basti\product\21c\dbhomeXE\bin;C:\WINDOWS\system32;C:\WINDOWS;C:\WINDOWS\System32\Wbem;C:\WINDOWS\System32\WindowsPowerShell\v1.0\;C:\WINDOWS\System32\OpenSSH\;C:\Program Files\Git\cmd;C:\Program Files\dotnet\;C:\Program Files\nodejs\;C:\Program Files\Docker\Docker\resources\bin;C:\Users\basti\AppData\Local\Microsoft\WindowsApps;C:\Users\basti\.dotnet\tools;C:\Users\basti\AppData\Roaming\npm;C:\apache-maven\apache-maven-3.9.11\bin;C:\Program Files\Amazon Corretto\jdk17.0.17_10\bin;C:\Users\basti\AppData\Local\Programs\Microsoft VS Code\bin;C:\Users\basti\AppData\Local\Programs\Antigravity\bin
USERNAME=basti
OS=Windows_NT
PROCESSOR_IDENTIFIER=Intel64 Family 6 Model 154 Stepping 3, GenuineIntel
TMP=C:\Users\basti\AppData\Local\Temp
TEMP=C:\Users\basti\AppData\Local\Temp




Periodic native trim disabled

---------------  S Y S T E M  ---------------

OS:
 Windows 11 , 64 bit Build 26100 (10.0.26100.8328)
OS uptime: 5 days 13:55 hours
Hyper-V role detected

CPU: total 16 (initial active 16) (8 cores per cpu, 2 threads per core) family 6 model 154 stepping 3 microcode 0x423, cx8, cmov, fxsr, ht, mmx, 3dnowpref, sse, sse2, sse3, ssse3, sse4.1, sse4.2, popcnt, lzcnt, tsc, tscinvbit, avx, avx2, aes, erms, clmul, bmi1, bmi2, adx, sha, fma, vzeroupper, clflush, clflushopt, clwb, hv, serialize, rdtscp, rdpid, fsrm, f16c, cet_ibt, cet_ss
Processor Information for processor 0
  Max Mhz: 2100, Current Mhz: 2100, Mhz Limit: 2100
Processor Information for processor 1
  Max Mhz: 2100, Current Mhz: 2100, Mhz Limit: 2100
Processor Information for processor 2
  Max Mhz: 2100, Current Mhz: 2100, Mhz Limit: 2100
Processor Information for processor 3
  Max Mhz: 2100, Current Mhz: 2100, Mhz Limit: 2100
Processor Information for processor 4
  Max Mhz: 2100, Current Mhz: 2100, Mhz Limit: 2100
Processor Information for processor 5
  Max Mhz: 2100, Current Mhz: 2100, Mhz Limit: 2100
Processor Information for processor 6
  Max Mhz: 2100, Current Mhz: 2100, Mhz Limit: 2100
Processor Information for processor 7
  Max Mhz: 2100, Current Mhz: 2100, Mhz Limit: 2100
Processor Information for processor 8
  Max Mhz: 2100, Current Mhz: 1500, Mhz Limit: 1491
Processor Information for processor 9
  Max Mhz: 2100, Current Mhz: 1500, Mhz Limit: 1491
Processor Information for processor 10
  Max Mhz: 2100, Current Mhz: 1500, Mhz Limit: 1491
Processor Information for processor 11
  Max Mhz: 2100, Current Mhz: 1500, Mhz Limit: 1491
Processor Information for processor 12
  Max Mhz: 2100, Current Mhz: 1500, Mhz Limit: 1491
Processor Information for processor 13
  Max Mhz: 2100, Current Mhz: 1500, Mhz Limit: 1491
Processor Information for processor 14
  Max Mhz: 2100, Current Mhz: 1500, Mhz Limit: 1491
Processor Information for processor 15
  Max Mhz: 2100, Current Mhz: 1500, Mhz Limit: 1491

Memory: 4k page, system-wide physical 15996M (704M free)
TotalPageFile size 30623M (AvailPageFile size 149M)
current process WorkingSet (physical memory assigned to process): 13M, peak: 1668M
current process commit charge ("private bytes"): 601M, peak: 1807M

vm_info: OpenJDK 64-Bit Server VM (21.0.10+7-LTS) for windows-amd64 JRE (21.0.10+7-LTS), built on 2026-01-20T00:00:00Z by "admin" with MS VC++ 17.12 (VS2022)

END.
